// Jest Snapshot v1, https://goo.gl/fbAQLP

exports[`SvgGear should render 1`] = `
<DocumentFragment>
  <svg
    height="20"
    width="20"
  >
    <path
      d="M16.783 10c0-1.049.646-1.875 1.617-2.443a8.932 8.932 0 00-.692-1.672c-1.089.285-1.97-.141-2.711-.883-.741-.74-.968-1.621-.683-2.711a8.732 8.732 0 00-1.672-.691c-.568.97-1.595 1.615-2.642 1.615-1.048 0-2.074-.645-2.643-1.615a8.697 8.697 0 00-1.671.691c.285 1.09.059 1.971-.684 2.711-.74.742-1.621 1.168-2.711.883A8.797 8.797 0 001.6 7.557c.97.568 1.615 1.394 1.615 2.443 0 1.047-.645 2.074-1.615 2.643a8.89 8.89 0 00.691 1.672c1.09-.285 1.971-.059 2.711.682s.969 1.623.684 2.711a8.841 8.841 0 001.672.693c.568-.973 1.595-1.617 2.643-1.617 1.047 0 2.074.645 2.643 1.617a8.963 8.963 0 001.672-.693c-.285-1.088-.059-1.969.683-2.711.741-.74 1.622-1.166 2.711-.883a8.811 8.811 0 00.692-1.672c-.973-.569-1.619-1.395-1.619-2.442zM10 13.652a3.652 3.652 0 110-7.306 3.654 3.654 0 010 7.306z"
    />
  </svg>
</DocumentFragment>
`;

exports[`SvgWifi should render 1`] = `
<DocumentFragment>
  <svg
    height="24"
    width="24"
  >
    <path
      d="M5.64 13.318a9.929 9.929 0 016.733-2.305c2.167.077 4.31.856 6.07 2.308a1 1 0 001.273-1.543 12.095 12.095 0 00-7.272-2.763 11.927 11.927 0 00-8.085 2.767 1 1 0 101.28 1.536zM2.081 9.75a14.908 14.908 0 0110.237-3.737 15.096 15.096 0 019.604 3.739 1 1 0 101.317-1.505 17.09 17.09 0 00-10.875-4.234A16.907 16.907 0 00.759 8.25a1 1 0 101.322 1.5zm7.028 7.175a4.95 4.95 0 013.274-.906c.891.07 1.765.378 2.523.909a1 1 0 001.148-1.638 7.093 7.093 0 00-3.514-1.265 6.95 6.95 0 00-4.589 1.269 1 1 0 101.158 1.63zM13 20a1 1 0 10-2 0 1 1 0 002 0z"
    />
  </svg>
</DocumentFragment>
`;
